MemTotal:        2028196 kB
MemFree:          465968 kB
MemAvailable:    1236960 kB
Buffers:           36340 kB
Cached:           815160 kB
SwapCached:            0 kB
Active:           817040 kB
Inactive:         505328 kB
Active(anon):     290932 kB
Inactive(anon):   194452 kB
Active(file):     526108 kB
Inactive(file):   310876 kB
Unevictable:        5776 kB
Mlocked:            5776 kB
SwapTotal:       1521140 kB
SwapFree:        1516788 kB
Dirty:              7076 kB
Writeback:             0 kB
AnonPages:        476644 kB
Mapped:           428844 kB
Shmem:             10120 kB
KReclaimable:      49708 kB
Slab:             125668 kB
SReclaimable:      49196 kB
SUnreclaim:        76472 kB
KernelStack:       19088 kB
PageTables:        27532 kB
NFS_Unstable:          0 kB
Bounce:                0 kB
WritebackTmp:          0 kB
CommitLimit:     2535236 kB
Committed_AS:   20237584 kB
VmallocTotal:   34359738367 kB
VmallocUsed:       32436 kB
VmallocChunk:          0 kB
Percpu:             3248 kB
CmaTotal:         307200 kB
CmaFree:           39040 kB
DirectMap4k:      132944 kB
DirectMap2M:     1964032 kB

